[Mylog]2024/11/22 14:53:50 main.go:19: 自定义logger
